[05-19 23:03:57]: [INFO] Created column 'regdate' and set the current timestamp, 1779231837120, to all 0 rows
[05-19 23:03:57]: [INFO] SQLite Setup finished
[05-19 23:03:57]: [INFO] No supported permissions system found! Permissions are disabled!
[05-19 23:03:57]: [WARN] WARNING! The protectInventory feature requires ProtocolLib! Disabling it...
[05-19 23:03:57]: [INFO] AuthMe 5.6.0 build n.CUSTOM successfully enabled!
[05-19 23:03:58]: [INFO] Downloading GEO IP database, because the old database is older than 30 days or doesn't exist
[05-19 23:03:58]: [WARN] No MaxMind credentials found in the configuration file! GeoIp protections will be disabled.
[05-19 23:03:58]: [INFO] There is no newer GEO IP database uploaded to MaxMind. Using the old one for now.
[05-19 23:03:58]: [WARN] Could not download GeoLiteAPI database [FileNotFoundException]: plugins/AuthMe/GeoLite2-Country.mmdb (No such file or directory)
[05-19 23:03:58]: java.io.FileNotFoundException: plugins/AuthMe/GeoLite2-Country.mmdb (No such file or directory)
	at java.base/java.io.RandomAccessFile.open0(Native Method)
	at java.base/java.io.RandomAccessFile.open(RandomAccessFile.java:338)
	at java.base/java.io.RandomAccessFile.<init>(RandomAccessFile.java:257)
	at java.base/java.io.RandomAccessFile.<init>(RandomAccessFile.java:211)
	at fr.xephi.authme.libs.com.maxmind.db.BufferHolder.<init>(BufferHolder.java:20)
	at fr.xephi.authme.libs.com.maxmind.db.Reader.<init>(Reader.java:121)
	at fr.xephi.authme.service.GeoIpService.startReading(GeoIpService.java:179)
	at fr.xephi.authme.service.GeoIpService.updateDatabase(GeoIpService.java:150)
	at org.bukkit.craftbukkit.v1_12_R1.scheduler.CraftTask.run(CraftTask.java:64)
	at org.bukkit.craftbukkit.v1_12_R1.scheduler.CraftAsyncTask.run(CraftAsyncTask.java:52)
	at com.destroystokyo.paper.ServerSchedulerReportingWrapper.run(ServerSchedulerReportingWrapper.java:22)
	at java.base/java.util.concurrent.ThreadPoolExecutor.runWorker(ThreadPoolExecutor.java:1090)
	at java.base/java.util.concurrent.ThreadPoolExecutor$Worker.run(ThreadPoolExecutor.java:614)
	at java.base/java.lang.Thread.run(Thread.java:1474)

[05-19 23:57:06]: [INFO] SQLite Setup finished
[05-19 23:57:06]: [INFO] No supported permissions system found! Permissions are disabled!
[05-19 23:57:07]: [WARN] WARNING! The protectInventory feature requires ProtocolLib! Disabling it...
[05-19 23:57:07]: [INFO] AuthMe 5.6.0 build n.CUSTOM successfully enabled!
[05-19 23:57:07]: [INFO] Downloading GEO IP database, because the old database is older than 30 days or doesn't exist
[05-19 23:57:07]: [WARN] No MaxMind credentials found in the configuration file! GeoIp protections will be disabled.
[05-19 23:57:07]: [INFO] There is no newer GEO IP database uploaded to MaxMind. Using the old one for now.
[05-19 23:57:07]: [WARN] Could not download GeoLiteAPI database [FileNotFoundException]: plugins/AuthMe/GeoLite2-Country.mmdb (No such file or directory)
[05-19 23:57:07]: java.io.FileNotFoundException: plugins/AuthMe/GeoLite2-Country.mmdb (No such file or directory)
	at java.base/java.io.RandomAccessFile.open0(Native Method)
	at java.base/java.io.RandomAccessFile.open(RandomAccessFile.java:338)
	at java.base/java.io.RandomAccessFile.<init>(RandomAccessFile.java:257)
	at java.base/java.io.RandomAccessFile.<init>(RandomAccessFile.java:211)
	at fr.xephi.authme.libs.com.maxmind.db.BufferHolder.<init>(BufferHolder.java:20)
	at fr.xephi.authme.libs.com.maxmind.db.Reader.<init>(Reader.java:121)
	at fr.xephi.authme.service.GeoIpService.startReading(GeoIpService.java:179)
	at fr.xephi.authme.service.GeoIpService.updateDatabase(GeoIpService.java:150)
	at org.bukkit.craftbukkit.v1_12_R1.scheduler.CraftTask.run(CraftTask.java:64)
	at org.bukkit.craftbukkit.v1_12_R1.scheduler.CraftAsyncTask.run(CraftAsyncTask.java:52)
	at com.destroystokyo.paper.ServerSchedulerReportingWrapper.run(ServerSchedulerReportingWrapper.java:22)
	at java.base/java.util.concurrent.ThreadPoolExecutor.runWorker(ThreadPoolExecutor.java:1090)
	at java.base/java.util.concurrent.ThreadPoolExecutor$Worker.run(ThreadPoolExecutor.java:614)
	at java.base/java.lang.Thread.run(Thread.java:1474)

[05-20 00:07:15]: [FINE] A_Person_sShadow registered 0:0:0:0:0:0:0:1%0
[05-20 00:07:15]: [FINE] A_Person_sShadow logged in 0:0:0:0:0:0:0:1%0
[05-20 00:17:14]: [FINE] A_Person_sShadow logged in 0:0:0:0:0:0:0:1%0
[05-20 13:14:25]: [INFO] SQLite Setup finished
[05-20 13:14:25]: [INFO] No supported permissions system found! Permissions are disabled!
[05-20 13:14:25]: [WARN] WARNING! The protectInventory feature requires ProtocolLib! Disabling it...
[05-20 13:14:25]: [INFO] AuthMe 5.6.0 build n.CUSTOM successfully enabled!
[05-20 13:14:25]: [INFO] Downloading GEO IP database, because the old database is older than 30 days or doesn't exist
[05-20 13:14:25]: [WARN] No MaxMind credentials found in the configuration file! GeoIp protections will be disabled.
[05-20 13:14:25]: [INFO] There is no newer GEO IP database uploaded to MaxMind. Using the old one for now.
[05-20 13:14:25]: [WARN] Could not download GeoLiteAPI database [FileNotFoundException]: plugins/AuthMe/GeoLite2-Country.mmdb (No such file or directory)
[05-20 13:14:25]: java.io.FileNotFoundException: plugins/AuthMe/GeoLite2-Country.mmdb (No such file or directory)
	at java.base/java.io.RandomAccessFile.open0(Native Method)
	at java.base/java.io.RandomAccessFile.open(RandomAccessFile.java:338)
	at java.base/java.io.RandomAccessFile.<init>(RandomAccessFile.java:257)
	at java.base/java.io.RandomAccessFile.<init>(RandomAccessFile.java:211)
	at fr.xephi.authme.libs.com.maxmind.db.BufferHolder.<init>(BufferHolder.java:20)
	at fr.xephi.authme.libs.com.maxmind.db.Reader.<init>(Reader.java:121)
	at fr.xephi.authme.service.GeoIpService.startReading(GeoIpService.java:179)
	at fr.xephi.authme.service.GeoIpService.updateDatabase(GeoIpService.java:150)
	at org.bukkit.craftbukkit.v1_12_R1.scheduler.CraftTask.run(CraftTask.java:64)
	at org.bukkit.craftbukkit.v1_12_R1.scheduler.CraftAsyncTask.run(CraftAsyncTask.java:52)
	at com.destroystokyo.paper.ServerSchedulerReportingWrapper.run(ServerSchedulerReportingWrapper.java:22)
	at java.base/java.util.concurrent.ThreadPoolExecutor.runWorker(ThreadPoolExecutor.java:1090)
	at java.base/java.util.concurrent.ThreadPoolExecutor$Worker.run(ThreadPoolExecutor.java:614)
	at java.base/java.lang.Thread.run(Thread.java:1474)

[05-20 13:15:07]: [FINE] A_Person_sShadow logged in 0:0:0:0:0:0:0:1%0
[05-20 13:45:16]: [FINE] A_Person registered 0:0:0:0:0:0:0:1%0
[05-20 13:45:16]: [FINE] The user A_Person has 2 accounts:
[05-20 13:45:16]: [FINE] §7a_person_sshadow, §aA_Person§7.
[05-20 13:45:16]: [FINE] A_Person logged in 0:0:0:0:0:0:0:1%0
[05-20 13:46:52]: [FINE] The user A_Person_sShadow has 2 accounts:
[05-20 13:46:52]: [FINE] §7§aA_Person_sShadow§7, a_person.
[05-20 13:46:52]: [FINE] A_Person_sShadow logged in 0:0:0:0:0:0:0:1%0
[05-20 13:49:17]: [FINE] MeLikeSheep registered 0:0:0:0:0:0:0:1%0
[05-20 13:49:17]: [FINE] The user MeLikeSheep has 3 accounts:
[05-20 13:49:17]: [FINE] §7§aA_Person_sShadow§7, a_person, §aMeLikeSheep§7.
[05-20 13:49:17]: [FINE] MeLikeSheep logged in 0:0:0:0:0:0:0:1%0
[05-20 13:55:02]: [FINE] Rubystar1432 registered 0:0:0:0:0:0:0:1%0
[05-20 13:55:02]: [FINE] The user Rubystar1432 has 4 accounts:
[05-20 13:55:02]: [FINE] §7§aA_Person_sShadow§7, a_person, §aMeLikeSheep§7, §aRubystar1432§7.
[05-20 13:55:02]: [FINE] Rubystar1432 logged in 0:0:0:0:0:0:0:1%0
[05-20 16:45:06]: [INFO] SQLite Setup finished
[05-20 16:45:06]: [INFO] No supported permissions system found! Permissions are disabled!
[05-20 16:45:06]: [WARN] WARNING! The protectInventory feature requires ProtocolLib! Disabling it...
[05-20 16:45:06]: [INFO] AuthMe 5.6.0 build n.CUSTOM successfully enabled!
[05-20 16:45:08]: [INFO] Downloading GEO IP database, because the old database is older than 30 days or doesn't exist
[05-20 16:45:08]: [WARN] No MaxMind credentials found in the configuration file! GeoIp protections will be disabled.
[05-20 16:45:08]: [INFO] There is no newer GEO IP database uploaded to MaxMind. Using the old one for now.
[05-20 16:45:08]: [WARN] Could not download GeoLiteAPI database [FileNotFoundException]: plugins/AuthMe/GeoLite2-Country.mmdb (No such file or directory)
[05-20 16:45:08]: java.io.FileNotFoundException: plugins/AuthMe/GeoLite2-Country.mmdb (No such file or directory)
	at java.base/java.io.RandomAccessFile.open0(Native Method)
	at java.base/java.io.RandomAccessFile.open(RandomAccessFile.java:338)
	at java.base/java.io.RandomAccessFile.<init>(RandomAccessFile.java:257)
	at java.base/java.io.RandomAccessFile.<init>(RandomAccessFile.java:211)
	at fr.xephi.authme.libs.com.maxmind.db.BufferHolder.<init>(BufferHolder.java:20)
	at fr.xephi.authme.libs.com.maxmind.db.Reader.<init>(Reader.java:121)
	at fr.xephi.authme.service.GeoIpService.startReading(GeoIpService.java:179)
	at fr.xephi.authme.service.GeoIpService.updateDatabase(GeoIpService.java:150)
	at org.bukkit.craftbukkit.v1_12_R1.scheduler.CraftTask.run(CraftTask.java:64)
	at org.bukkit.craftbukkit.v1_12_R1.scheduler.CraftAsyncTask.run(CraftAsyncTask.java:52)
	at com.destroystokyo.paper.ServerSchedulerReportingWrapper.run(ServerSchedulerReportingWrapper.java:22)
	at java.base/java.util.concurrent.ThreadPoolExecutor.runWorker(ThreadPoolExecutor.java:1090)
	at java.base/java.util.concurrent.ThreadPoolExecutor$Worker.run(ThreadPoolExecutor.java:614)
	at java.base/java.lang.Thread.run(Thread.java:1474)

[05-20 16:45:45]: [INFO] AuthMe 5.6.0-bCUSTOM disabled!
[05-20 16:47:20]: [INFO] SQLite Setup finished
[05-20 16:47:20]: [INFO] No supported permissions system found! Permissions are disabled!
[05-20 16:47:20]: [WARN] WARNING! The protectInventory feature requires ProtocolLib! Disabling it...
[05-20 16:47:20]: [INFO] AuthMe 5.6.0 build n.CUSTOM successfully enabled!
[05-20 16:47:22]: [INFO] Downloading GEO IP database, because the old database is older than 30 days or doesn't exist
[05-20 16:47:22]: [WARN] No MaxMind credentials found in the configuration file! GeoIp protections will be disabled.
[05-20 16:47:22]: [INFO] There is no newer GEO IP database uploaded to MaxMind. Using the old one for now.
[05-20 16:47:22]: [WARN] Could not download GeoLiteAPI database [FileNotFoundException]: plugins/AuthMe/GeoLite2-Country.mmdb (No such file or directory)
[05-20 16:47:22]: java.io.FileNotFoundException: plugins/AuthMe/GeoLite2-Country.mmdb (No such file or directory)
	at java.base/java.io.RandomAccessFile.open0(Native Method)
	at java.base/java.io.RandomAccessFile.open(RandomAccessFile.java:338)
	at java.base/java.io.RandomAccessFile.<init>(RandomAccessFile.java:257)
	at java.base/java.io.RandomAccessFile.<init>(RandomAccessFile.java:211)
	at fr.xephi.authme.libs.com.maxmind.db.BufferHolder.<init>(BufferHolder.java:20)
	at fr.xephi.authme.libs.com.maxmind.db.Reader.<init>(Reader.java:121)
	at fr.xephi.authme.service.GeoIpService.startReading(GeoIpService.java:179)
	at fr.xephi.authme.service.GeoIpService.updateDatabase(GeoIpService.java:150)
	at org.bukkit.craftbukkit.v1_12_R1.scheduler.CraftTask.run(CraftTask.java:64)
	at org.bukkit.craftbukkit.v1_12_R1.scheduler.CraftAsyncTask.run(CraftAsyncTask.java:52)
	at com.destroystokyo.paper.ServerSchedulerReportingWrapper.run(ServerSchedulerReportingWrapper.java:22)
	at java.base/java.util.concurrent.ThreadPoolExecutor.runWorker(ThreadPoolExecutor.java:1090)
	at java.base/java.util.concurrent.ThreadPoolExecutor$Worker.run(ThreadPoolExecutor.java:614)
	at java.base/java.lang.Thread.run(Thread.java:1474)

[05-20 16:48:08]: [INFO] AuthMe 5.6.0-bCUSTOM disabled!
[05-20 16:48:53]: [INFO] SQLite Setup finished
[05-20 16:48:53]: [INFO] No supported permissions system found! Permissions are disabled!
[05-20 16:48:53]: [WARN] WARNING! The protectInventory feature requires ProtocolLib! Disabling it...
[05-20 16:48:53]: [INFO] AuthMe 5.6.0 build n.CUSTOM successfully enabled!
[05-20 16:48:55]: [INFO] Downloading GEO IP database, because the old database is older than 30 days or doesn't exist
[05-20 16:48:55]: [WARN] No MaxMind credentials found in the configuration file! GeoIp protections will be disabled.
[05-20 16:48:55]: [INFO] There is no newer GEO IP database uploaded to MaxMind. Using the old one for now.
[05-20 16:48:55]: [WARN] Could not download GeoLiteAPI database [FileNotFoundException]: plugins/AuthMe/GeoLite2-Country.mmdb (No such file or directory)
[05-20 16:48:55]: java.io.FileNotFoundException: plugins/AuthMe/GeoLite2-Country.mmdb (No such file or directory)
	at java.base/java.io.RandomAccessFile.open0(Native Method)
	at java.base/java.io.RandomAccessFile.open(RandomAccessFile.java:338)
	at java.base/java.io.RandomAccessFile.<init>(RandomAccessFile.java:257)
	at java.base/java.io.RandomAccessFile.<init>(RandomAccessFile.java:211)
	at fr.xephi.authme.libs.com.maxmind.db.BufferHolder.<init>(BufferHolder.java:20)
	at fr.xephi.authme.libs.com.maxmind.db.Reader.<init>(Reader.java:121)
	at fr.xephi.authme.service.GeoIpService.startReading(GeoIpService.java:179)
	at fr.xephi.authme.service.GeoIpService.updateDatabase(GeoIpService.java:150)
	at org.bukkit.craftbukkit.v1_12_R1.scheduler.CraftTask.run(CraftTask.java:64)
	at org.bukkit.craftbukkit.v1_12_R1.scheduler.CraftAsyncTask.run(CraftAsyncTask.java:52)
	at com.destroystokyo.paper.ServerSchedulerReportingWrapper.run(ServerSchedulerReportingWrapper.java:22)
	at java.base/java.util.concurrent.ThreadPoolExecutor.runWorker(ThreadPoolExecutor.java:1090)
	at java.base/java.util.concurrent.ThreadPoolExecutor$Worker.run(ThreadPoolExecutor.java:614)
	at java.base/java.lang.Thread.run(Thread.java:1474)

[05-20 16:49:48]: [INFO] AuthMe 5.6.0-bCUSTOM disabled!
